labuser@labuser-virtual-machine:~$ git --version
git version 2.34.1
labuser@labuser-virtual-machine:~$ mkdir prac1
labuser@labuser-virtual-machine:~$ cd prac1
labuser@labuser-virtual-machine:~/prac1$ git init
hint: Using 'master' as the name for the initial branch. This default branch name
hint: is subject to change. To configure the initial branch name to use in all
hint: of your new repositories, which will suppress this warning, call:
hint: 
hint: 	git config --global init.defaultBranch <name>
hint: 
hint: Names commonly chosen instead of 'master' are 'main', 'trunk' and
hint: 'development'. The just-created branch can be renamed via this command:
hint: 
hint: 	git branch -m <name>
Initialized empty Git repository in /home/labuser/prac1/.git/
labuser@labuser-virtual-machine:~/prac1$ git init
Reinitialized existing Git repository in /home/labuser/prac1/.git/
labuser@labuser-virtual-machine:~/prac1$ echo "prac1" > prac1
labuser@labuser-virtual-machine:~/prac1$ ls
prac1
labuser@labuser-virtual-machine:~/prac1$ git status
On branch master

No commits yet

Untracked files:
  (use "git add <file>..." to include in what will be committed)
	prac1

nothing added to commit but untracked files present (use "git add" to track)
labuser@labuser-virtual-machine:~/prac1$ git add .
labuser@labuser-virtual-machine:~/prac1$ git commit -m "change1"
[master (root-commit) b96853b] change1
 1 file changed, 1 insertion(+)
 create mode 100644 prac1
labuser@labuser-virtual-machine:~/prac1$ git remote and origin https://github.com/ykarunakar147/saturday.git
error: Unknown subcommand: and
usage: git remote [-v | --verbose]
   or: git remote add [-t <branch>] [-m <master>] [-f] [--tags | --no-tags] [--mirror=<fetch|push>] <name> <url>
   or: git remote rename <old> <new>
   or: git remote remove <name>
   or: git remote set-head <name> (-a | --auto | -d | --delete | <branch>)
   or: git remote [-v | --verbose] show [-n] <name>
   or: git remote prune [-n | --dry-run] <name>
   or: git remote [-v | --verbose] update [-p | --prune] [(<group> | <remote>)...]
   or: git remote set-branches [--add] <name> <branch>...
   or: git remote get-url [--push] [--all] <name>
   or: git remote set-url [--push] <name> <newurl> [<oldurl>]
   or: git remote set-url --add <name> <newurl>
   or: git remote set-url --delete <name> <url>

    -v, --verbose         be verbose; must be placed before a subcommand

labuser@labuser-virtual-machine:~/prac1$ git remote add origin https://github.com/ykarunakar147/saturday.git
labuser@labuser-virtual-machine:~/prac1$ git remove -v
git: 'remove' is not a git command. See 'git --help'.

The most similar command is
	remote
labuser@labuser-virtual-machine:~/prac1$ git remote -v
origin	https://github.com/ykarunakar147/saturday.git (fetch)
origin	https://github.com/ykarunakar147/saturday.git (push)
labuser@labuser-virtual-machine:~/prac1$ git push -u origin master
Username for 'https://github.com': saturday
Password for 'https://saturday@github.com': 
Enumerating objects: 3, done.
Counting objects: 100% (3/3), done.
Writing objects: 100% (3/3), 221 bytes | 221.00 KiB/s, done.
Total 3 (delta 0), reused 0 (delta 0), pack-reused 0
To https://github.com/ykarunakar147/saturday.git
 * [new branch]      master -> master
Branch 'master' set up to track remote branch 'master' from 'origin'.
labuser@labuser-virtual-machine:~/prac1$ ls
prac1
labuser@labuser-virtual-machine:~/prac1$ nano prac1
labuser@labuser-virtual-machine:~/prac1$ git add .
labuser@labuser-virtual-machine:~/prac1$ git commit -m 
error: switch `m' requires a value
labuser@labuser-virtual-machine:~/prac1$ 
labuser@labuser-virtual-machine:~/prac1$ 
labuser@labuser-virtual-machine:~/prac1$ 
labuser@labuser-virtual-machine:~/prac1$ 
labuser@labuser-virtual-machine:~/prac1$ 
labuser@labuser-virtual-machine:~/prac1$ 
labuser@labuser-virtual-machine:~/prac1$ 
labuser@labuser-virtual-machine:~/prac1$ 
labuser@labuser-virtual-machine:~/prac1$ 
labuser@labuser-virtual-machine:~/prac1$ 
labuser@labuser-virtual-machine:~/prac1$ 
labuser@labuser-virtual-machine:~/prac1$ 
labuser@labuser-virtual-machine:~/prac1$ 
labuser@labuser-virtual-machine:~/prac1$ 
labuser@labuser-virtual-machine:~/prac1$ 
labuser@labuser-virtual-machine:~/prac1$ 
labuser@labuser-virtual-machine:~/prac1$ git commit -m "change2"
[master c9a08ee] change2
 1 file changed, 1 insertion(+), 1 deletion(-)
labuser@labuser-virtual-machine:~/prac1$ git push -u origin master
Username for 'https://github.com': saturday
Password for 'https://saturday@github.com': 
Enumerating objects: 5, done.
Counting objects: 100% (5/5), done.
Writing objects: 100% (3/3), 250 bytes | 250.00 KiB/s, done.
Total 3 (delta 0), reused 0 (delta 0), pack-reused 0
To https://github.com/ykarunakar147/saturday.git
   b96853b..c9a08ee  master -> master
Branch 'master' set up to track remote branch 'master' from 'origin'.
labuser@labuser-virtual-machine:~/prac1$ ls
prac1
labuser@labuser-virtual-machine:~/prac1$ git status
On branch master
Your branch is up to date with 'origin/master'.

nothing to commit, working tree clean
labuser@labuser-virtual-machine:~/prac1$ git branch
* master
labuser@labuser-virtual-machine:~/prac1$ git branch devops1
labuser@labuser-virtual-machine:~/prac1$ git checkout devops1
Switched to branch 'devops1'
labuser@labuser-virtual-machine:~/prac1$ git branch
* devops1
  master
labuser@labuser-virtual-machine:~/prac1$ echo "prac3" > file1
labuser@labuser-virtual-machine:~/prac1$ echo "prac4" > file2
labuser@labuser-virtual-machine:~/prac1$ ls -li
total 12
6160808 -rw-rw-r-- 1 labuser labuser 6 Dec 14 04:32 file1
6160809 -rw-rw-r-- 1 labuser labuser 6 Dec 14 04:32 file2
6161061 -rw-rw-r-- 1 labuser labuser 6 Dec 14 04:26 prac1
labuser@labuser-virtual-machine:~/prac1$ git add .
labuser@labuser-virtual-machine:~/prac1$ git commit -m "change4"
[devops1 b5db467] change4
 2 files changed, 2 insertions(+)
 create mode 100644 file1
 create mode 100644 file2
labuser@labuser-virtual-machine:~/prac1$ git push -u origin devops1
Username for 'https://github.com': saturday
Password for 'https://saturday@github.com': 
Enumerating objects: 5, done.
Counting objects: 100% (5/5), done.
Delta compression using up to 4 threads
Compressing objects: 100% (2/2), done.
Writing objects: 100% (4/4), 321 bytes | 321.00 KiB/s, done.
Total 4 (delta 0), reused 0 (delta 0), pack-reused 0
remote: 
remote: Create a pull request for 'devops1' on GitHub by visiting:
remote:      https://github.com/ykarunakar147/saturday/pull/new/devops1
remote: 
To https://github.com/ykarunakar147/saturday.git
 * [new branch]      devops1 -> devops1
Branch 'devops1' set up to track remote branch 'devops1' from 'origin'.
labuser@labuser-virtual-machine:~/prac1$ git branch
* devops1
  master
labuser@labuser-virtual-machine:~/prac1$ git checkout master
Switched to branch 'master'
Your branch is up to date with 'origin/master'.
labuser@labuser-virtual-machine:~/prac1$ git merge devops1
Updating c9a08ee..b5db467
Fast-forward
 file1 | 1 +
 file2 | 1 +
 2 files changed, 2 insertions(+)
 create mode 100644 file1
 create mode 100644 file2
labuser@labuser-virtual-machine:~/prac1$ git log -p
commit b5db467f3ce89b82f62a3a7f5d02637a0dcbc776 (HEAD -> master, origin/devops1, devops1)
Author: David Robichaud <david.robichaud@skillsoft.com>
Date:   Sat Dec 14 04:34:26 2024 -0500

    change4

diff --git a/file1 b/file1
new file mode 100644
index 0000000..5a64818
--- /dev/null
+++ b/file1
@@ -0,0 +1 @@
+prac3
diff --git a/file2 b/file2
new file mode 100644
index 0000000..4468e76
--- /dev/null
+++ b/file2
@@ -0,0 +1 @@
+prac4

commit c9a08ee213e4163dcb265f2e7ea158c10461ed2a (origin/master)
Author: David Robichaud <david.robichaud@skillsoft.com>
Date:   Sat Dec 14 04:27:27 2024 -0500

    change2

diff --git a/prac1 b/prac1
index 144c2f2..c0244b2 100644
--- a/prac1
+++ b/prac1
@@ -1 +1 @@
-prac1
+prac2

commit b96853bb6a14b4843a8e8ef6d7b7963936bef55f
Author: David Robichaud <david.robichaud@skillsoft.com>
Date:   Sat Dec 14 04:15:10 2024 -0500

    change1

diff --git a/prac1 b/prac1
new file mode 100644
index 0000000..144c2f2
--- /dev/null
+++ b/prac1
@@ -0,0 +1 @@
+prac1
labuser@labuser-virtual-machine:~/prac1$ git log --oneline
b5db467 (HEAD -> master, origin/devops1, devops1) change4
c9a08ee (origin/master) change2
b96853b change1
labuser@labuser-virtual-machine:~/prac1$ cd
labuser@labuser-virtual-machine:~$ git clone https://github.com/ykarunakar147/saturday.git
Cloning into 'saturday'...
remote: Enumerating objects: 10, done.
remote: Counting objects: 100% (10/10), done.
remote: Compressing objects: 100% (4/4), done.
remote: Total 10 (delta 0), reused 10 (delta 0), pack-reused 0 (from 0)
Receiving objects: 100% (10/10), done.
labuser@labuser-virtual-machine:~$ ls-li
ls-li: command not found
labuser@labuser-virtual-machine:~$ ls -li
total 52
6029410 drwxr-xr-x 2 labuser labuser 4096 Sep 12  2023 Desktop
6029414 drwxr-xr-x 3 labuser labuser 4096 Dec 15  2023 Documents
6029411 drwxr-xr-x 2 labuser labuser 4096 Dec 18  2023 Downloads
6036475 -rw-rw-r-- 1 labuser labuser   53 Dec 18  2023 execute.yml
6029415 drwxr-xr-x 2 labuser labuser 4096 Sep 12  2023 Music
6029416 drwxr-xr-x 2 labuser labuser 4096 Sep 12  2023 Pictures
6161035 drwxrwxr-x 3 labuser labuser 4096 Dec 14 04:41 prac1
6029413 drwxr-xr-x 2 labuser labuser 4096 Sep 12  2023 Public
6030259 drwxrwxr-x 2 labuser labuser 4096 Dec 18  2023 repos
6160881 drwxrwxr-x 3 labuser labuser 4096 Dec 14 04:47 saturday
6029322 drwx------ 6 labuser labuser 4096 Dec 15  2023 snap
6029412 drwxr-xr-x 2 labuser labuser 4096 Sep 12  2023 Templates
6029418 drwxr-xr-x 2 labuser labuser 4096 Sep 12  2023 Videos
labuser@labuser-virtual-machine:~$ cd prac1
labuser@labuser-virtual-machine:~/prac1$ ls
file1  file2  prac1
labuser@labuser-virtual-machine:~/prac1$ mkdir dev1
labuser@labuser-virtual-machine:~/prac1$ cd dev1
labuser@labuser-virtual-machine:~/prac1/dev1$ git pull https://github.com/ykarunakar147/saturday.git master
From https://github.com/ykarunakar147/saturday
 * branch            master     -> FETCH_HEAD
Already up to date.
labuser@labuser-virtual-machine:~/prac1/dev1$ git branch
  devops1
* master
labuser@labuser-virtual-machine:~/prac1/dev1$ ls -li
total 0
labuser@labuser-virtual-machine:~/prac1/dev1$ git branch m1
labuser@labuser-virtual-machine:~/prac1/dev1$ git checkout m1
Switched to branch 'm1'
labuser@labuser-virtual-machine:~/prac1/dev1$ echo "apple" > fruit
labuser@labuser-virtual-machine:~/prac1/dev1$ ls
fruit
labuser@labuser-virtual-machine:~/prac1/dev1$ git checkout master
Switched to branch 'master'
Your branch is ahead of 'origin/master' by 1 commit.
  (use "git push" to publish your local commits)
labuser@labuser-virtual-machine:~/prac1/dev1$ ls
fruit
labuser@labuser-virtual-machine:~/prac1/dev1$ git check out m1
git: 'check' is not a git command. See 'git --help'.

The most similar command is
	checkout
labuser@labuser-virtual-machine:~/prac1/dev1$ git checkout m1
Switched to branch 'm1'
labuser@labuser-virtual-machine:~/prac1/dev1$ ls
fruit
labuser@labuser-virtual-machine:~/prac1/dev1$ git rebase master
Current branch m1 is up to date.
labuser@labuser-virtual-machine:~/prac1/dev1$ ^C
labuser@labuser-virtual-machine:~/prac1/dev1$ ^C
labuser@labuser-virtual-machine:~/prac1/dev1$ ^C
labuser@labuser-virtual-machine:~/prac1/dev1$ ^C
labuser@labuser-virtual-machine:~/prac1/dev1$ 

